=== Testing Mistral 7B Model ===

python : generate_email_json_forced model=mistral 
provider=local
At line:1 char:1
+ python backend/tests/test_mistral.py > 
test_output.txt 2>&1
+ ~~~~~~~~~~~~~~~~~~~~~~~~~~~~~~~~~~~~~~~~~~~~~~~~~~~~
~~~~~~~
    + CategoryInfo          : NotSpecified: (generate 
   _email_... provider=local:String) [], RemoteExcep  
  tion
    + FullyQualifiedErrorId : NativeCommandError
 
Loading local model (type=mistral) from 
mistral-7b-instruct-v0.2.Q4_K_M.gguf...
Note: If the model is not downloaded, this will download approx 4GB.
This may take a significant amount of time.

DEBUG: Loading local model (type=mistral) from mistral-7b-instruct-v0.2.Q4_K_M.gguf...

Fetching 1 files:   0%|          | 0/1 [00:00<?, 
?it/s]
Fetching 1 files: 100%|##########| 1/1 [00:00<00:00, 
999.83it/s]

Fetching 1 files:   0%|          | 0/1 [00:00<?, 
?it/s]
Fetching 1 files: 100%|##########| 1/1 [00:00<00:00, 
1002.46it/s]
